{"type":"server-started","port":58117,"host":"127.0.0.1","url_host":"localhost","url":"http://localhost:58117","screen_dir":"/home/luc/Dev/aguada-web/.superpowers/brainstorm/1571080-1775365678/content","state_dir":"/home/luc/Dev/aguada-web/.superpowers/brainstorm/1571080-1775365678/state"}
{"type":"screen-added","file":"/home/luc/Dev/aguada-web/.superpowers/brainstorm/1571080-1775365678/content/intro.html"}
{"type":"screen-added","file":"/home/luc/Dev/aguada-web/.superpowers/brainstorm/1571080-1775365678/content/nav-layout.html"}
{"source":"user-event","type":"click","text":"A\n          \n          \n            ⬛\n            🗺\n            ⚙\n            📈\n            🚰\n            🏭\n            🧪\n          \n          \n            \n          \n        \n        \n        \n          Dashboard\n          \n            \n              Reserv.\n              8\n            \n            \n              Volume\n              74%\n            \n            \n              Alertas\n              1\n            \n          \n          \n            \n            \n            \n            \n            \n            \n            \n            \n          \n        \n      \n    \n    \n      C — Sidebar colapsável (ícones → texto)\n      Sidebar compacta por padrão (só ícones). Expande ao hover ou toggle. Melhor aproveitamento em tablets. Estilo escuro, mas com mais área útil.","choice":"c","id":null,"timestamp":1775365906558}
{"source":"user-event","type":"click","text":"A\n          \n          \n            ⬛\n            🗺\n            ⚙\n            📈\n            🚰\n            🏭\n            🧪\n          \n          \n            \n          \n        \n        \n        \n          Dashboard\n          \n            \n              Reserv.\n              8\n            \n            \n              Volume\n              74%\n            \n            \n              Alertas\n              1\n            \n          \n          \n            \n            \n            \n            \n            \n            \n            \n            \n          \n        \n      \n    \n    \n      C — Sidebar colapsável (ícones → texto)\n      Sidebar compacta por padrão (só ícones). Expande ao hover ou toggle. Melhor aproveitamento em tablets. Estilo escuro, mas com mais área útil.","choice":"c","id":null,"timestamp":1775365908818}
{"source":"user-event","type":"click","text":"A\n          \n          \n            ⬛\n            🗺\n            ⚙\n            📈\n            🚰\n            🏭\n            🧪\n          \n          \n            \n          \n        \n        \n        \n          Dashboard\n          \n            \n              Reserv.\n              8\n            \n            \n              Volume\n              74%\n            \n            \n              Alertas\n              1\n            \n          \n          \n            \n            \n            \n            \n            \n            \n            \n            \n          \n        \n      \n    \n    \n      C — Sidebar colapsável (ícones → texto)\n      Sidebar compacta por padrão (só ícones). Expande ao hover ou toggle. Melhor aproveitamento em tablets. Estilo escuro, mas com mais área útil.","choice":"c","id":null,"timestamp":1775365912839}
{"type":"screen-added","file":"/home/luc/Dev/aguada-web/.superpowers/brainstorm/1571080-1775365678/content/color-theme.html"}
{"source":"user-event","type":"click","text":"🌙 Escuro (principal)\n          \n            \n              CON\n              74%\n            \n            \n              CAV\n              12%\n            \n            \n              CB31\n              28%\n            \n          \n        \n        \n        \n          ☀ Claro (alternativa)\n          \n            \n              CON\n              74%\n            \n            \n              CAV\n              12%\n            \n            \n              CB31\n              28%\n            \n          \n        \n      \n    \n    \n      C — Escuro como padrão, claro simplificado\n      Tema escuro é o \"natural\" do sistema. Claro existe para quem preferir, mas sem tentar replicar exatamente o escuro — apenas invertido e limpo.","choice":"c","id":null,"timestamp":1775365997505}
{"type":"screen-added","file":"/home/luc/Dev/aguada-web/.superpowers/brainstorm/1571080-1775365678/content/pages-scope.html"}
{"source":"user-event","type":"click","text":"📊\n    \n      Dashboard\n      Visão geral: KPIs, cards de reservatórios, status do gateway, gráfico de barras","choice":"dashboard","id":null,"timestamp":1775366061236}
{"source":"user-event","type":"click","text":"⚙\n    \n      SCADA\n      Controle manual de bombas, válvulas, hidrômetros. Diagrama de fluxo SVG.","choice":"scada","id":null,"timestamp":1775366062526}
{"source":"user-event","type":"click","text":"📊\n    \n      Dashboard\n      Visão geral: KPIs, cards de reservatórios, status do gateway, gráfico de barras","choice":"dashboard","id":null,"timestamp":1775366063446}
{"source":"user-event","type":"click","text":"⚙\n    \n      SCADA\n      Controle manual de bombas, válvulas, hidrômetros. Diagrama de fluxo SVG.","choice":"scada","id":null,"timestamp":1775366063958}
{"source":"user-event","type":"click","text":"📊\n    \n      Dashboard\n      Visão geral: KPIs, cards de reservatórios, status do gateway, gráfico de barras","choice":"dashboard","id":null,"timestamp":1775366077006}
{"source":"user-event","type":"click","text":"⚙\n    \n      SCADA\n      Controle manual de bombas, válvulas, hidrômetros. Diagrama de fluxo SVG.","choice":"scada","id":null,"timestamp":1775366079334}
{"source":"user-event","type":"click","text":"🗺\n    \n      Mapa\n      Rede hidráulica com posições corrigidas, ícones, tubulação. Sem ETE nesta fase.","choice":"mapa","id":null,"timestamp":1775366081103}
{"source":"user-event","type":"click","text":"📈\n    \n      Histórico\n      Gráficos de nível/volume por reservatório e período (Chart.js offline)","choice":"historico","id":null,"timestamp":1775366090678}
{"source":"user-event","type":"click","text":"🚰\n    \n      Consumo\n      Análise de consumo diário/semanal/mensal por reservatório","choice":"consumo","id":null,"timestamp":1775366092062}
{"source":"user-event","type":"click","text":"💧\n    \n      Abastecimento\n      Registros de abastecimento (entrada d'água), eventos e tendências","choice":"abastecimento","id":null,"timestamp":1775366092454}
{"source":"user-event","type":"click","text":"📊\n    \n      Dashboard\n      Visão geral: KPIs, cards de reservatórios, status do gateway, gráfico de barras","choice":"dashboard","id":null,"timestamp":1775366112613}
{"source":"user-event","type":"click","text":"⚙\n    \n      SCADA\n      Controle manual de bombas, válvulas, hidrômetros. Diagrama de fluxo SVG.","choice":"scada","id":null,"timestamp":1775366113053}
{"source":"user-event","type":"click","text":"🗺\n    \n      Mapa\n      Rede hidráulica com posições corrigidas, ícones, tubulação. Sem ETE nesta fase.","choice":"mapa","id":null,"timestamp":1775366113511}
{"source":"user-event","type":"click","text":"📈\n    \n      Histórico\n      Gráficos de nível/volume por reservatório e período (Chart.js offline)","choice":"historico","id":null,"timestamp":1775366113879}
{"source":"user-event","type":"click","text":"🚰\n    \n      Consumo\n      Análise de consumo diário/semanal/mensal por reservatório","choice":"consumo","id":null,"timestamp":1775366114734}
{"source":"user-event","type":"click","text":"💧\n    \n      Abastecimento\n      Registros de abastecimento (entrada d'água), eventos e tendências","choice":"abastecimento","id":null,"timestamp":1775366115118}
{"source":"user-event","type":"click","text":"💧\n    \n      Abastecimento\n      Registros de abastecimento (entrada d'água), eventos e tendências","choice":"abastecimento","id":null,"timestamp":1775366158734}
{"source":"user-event","type":"click","text":"🚰\n    \n      Consumo\n      Análise de consumo diário/semanal/mensal por reservatório","choice":"consumo","id":null,"timestamp":1775366159124}
{"source":"user-event","type":"click","text":"📈\n    \n      Histórico\n      Gráficos de nível/volume por reservatório e período (Chart.js offline)","choice":"historico","id":null,"timestamp":1775366159500}
{"source":"user-event","type":"click","text":"🗺\n    \n      Mapa\n      Rede hidráulica com posições corrigidas, ícones, tubulação. Sem ETE nesta fase.","choice":"mapa","id":null,"timestamp":1775366160268}
{"source":"user-event","type":"click","text":"⚙\n    \n      SCADA\n      Controle manual de bombas, válvulas, hidrômetros. Diagrama de fluxo SVG.","choice":"scada","id":null,"timestamp":1775366160844}
{"source":"user-event","type":"click","text":"📊\n    \n      Dashboard\n      Visão geral: KPIs, cards de reservatórios, status do gateway, gráfico de barras","choice":"dashboard","id":null,"timestamp":1775366161948}
{"type":"screen-added","file":"/home/luc/Dev/aguada-web/.superpowers/brainstorm/1571080-1775365678/content/dashboard-layout.html"}
{"type":"screen-added","file":"/home/luc/Dev/aguada-web/.superpowers/brainstorm/1571080-1775365678/content/waiting.html"}
{"type":"screen-added","file":"/home/luc/Dev/aguada-web/.superpowers/brainstorm/1571080-1775365678/content/waiting-2.html"}
{"type":"server-stopped","reason":"idle timeout"}
